------------------------------------------------------------
Timing Analyzer Summary
------------------------------------------------------------

Type  : Setup 'pll_hdmi|pll_hdmi_inst|altera_pll_i|cyclonev_pll|counter[0].output_counter|divclk'
Slack : -0.186
TNS   : -3.091

Type  : Setup 'HDMI_CLK'
Slack : 0.071
TNS   : 0.000

Type  : Setup 'sysmem|fpga_interfaces|clocks_resets|h2f_user0_clk'
Slack : 3.491
TNS   : 0.000

Type  : Setup 'FPGA_CLK1_50'
Slack : 4.654
TNS   : 0.000

Type  : Setup 'FPGA_CLK3_50'
Slack : 6.282
TNS   : 0.000

Type  : Setup 'spi_sck'
Slack : 6.431
TNS   : 0.000

Type  : Setup 'emu|pll|pll_inst|altera_pll_i|general[0].gpll~PLL_OUTPUT_COUNTER|divclk'
Slack : 7.801
TNS   : 0.000

Type  : Setup 'FPGA_CLK2_50'
Slack : 14.900
TNS   : 0.000

Type  : Hold 'HDMI_CLK'
Slack : 0.033
TNS   : 0.000

Type  : Hold 'FPGA_CLK1_50'
Slack : 0.272
TNS   : 0.000

Type  : Hold 'pll_hdmi|pll_hdmi_inst|altera_pll_i|cyclonev_pll|counter[0].output_counter|divclk'
Slack : 0.324
TNS   : 0.000

Type  : Hold 'sysmem|fpga_interfaces|clocks_resets|h2f_user0_clk'
Slack : 0.327
TNS   : 0.000

Type  : Hold 'FPGA_CLK3_50'
Slack : 0.342
TNS   : 0.000

Type  : Hold 'spi_sck'
Slack : 0.347
TNS   : 0.000

Type  : Hold 'emu|pll|pll_inst|altera_pll_i|general[0].gpll~PLL_OUTPUT_COUNTER|divclk'
Slack : 0.395
TNS   : 0.000

Type  : Hold 'FPGA_CLK2_50'
Slack : 0.439
TNS   : 0.000

Type  : Recovery 'pll_hdmi|pll_hdmi_inst|altera_pll_i|cyclonev_pll|counter[0].output_counter|divclk'
Slack : 3.245
TNS   : 0.000

Type  : Recovery 'sysmem|fpga_interfaces|clocks_resets|h2f_user0_clk'
Slack : 7.453
TNS   : 0.000

Type  : Recovery 'FPGA_CLK1_50'
Slack : 10.414
TNS   : 0.000

Type  : Recovery 'FPGA_CLK3_50'
Slack : 13.803
TNS   : 0.000

Type  : Removal 'sysmem|fpga_interfaces|clocks_resets|h2f_user0_clk'
Slack : 0.691
TNS   : 0.000

Type  : Removal 'pll_hdmi|pll_hdmi_inst|altera_pll_i|cyclonev_pll|counter[0].output_counter|divclk'
Slack : 1.071
TNS   : 0.000

Type  : Removal 'FPGA_CLK1_50'
Slack : 1.917
TNS   : 0.000

Type  : Removal 'FPGA_CLK3_50'
Slack : 2.656
TNS   : 0.000

Type  : Minimum Pulse Width 'emu|pll|pll_inst|altera_pll_i|general[0].gpll~FRACTIONAL_PLL|vcoph[0]'
Slack : 0.462
TNS   : 0.000

Type  : Minimum Pulse Width 'pll_hdmi|pll_hdmi_inst|altera_pll_i|cyclonev_pll|fpll_0|fpll|vcoph[0]'
Slack : 1.122
TNS   : 0.000

Type  : Minimum Pulse Width 'pll_hdmi|pll_hdmi_inst|altera_pll_i|cyclonev_pll|counter[0].output_counter|divclk'
Slack : 1.944
TNS   : 0.000

Type  : Minimum Pulse Width 'sysmem|fpga_interfaces|clocks_resets|h2f_user0_clk'
Slack : 3.598
TNS   : 0.000

Type  : Minimum Pulse Width 'spi_sck'
Slack : 4.257
TNS   : 0.000

Type  : Minimum Pulse Width 'emu|pll|pll_inst|altera_pll_i|general[0].gpll~PLL_OUTPUT_COUNTER|divclk'
Slack : 8.773
TNS   : 0.000

Type  : Minimum Pulse Width 'FPGA_CLK3_50'
Slack : 9.168
TNS   : 0.000

Type  : Minimum Pulse Width 'FPGA_CLK1_50'
Slack : 9.171
TNS   : 0.000

Type  : Minimum Pulse Width 'FPGA_CLK2_50'
Slack : 9.179
TNS   : 0.000

------------------------------------------------------------
