------------------------------------------------------------
TimeQuest Timing Analyzer Summary
------------------------------------------------------------

Type  : Slow 1100mV 100C Model Setup 'HDMI_CLK'
Slack : -10.059
TNS   : -111.741

Type  : Slow 1100mV 100C Model Setup 'pll_hdmi|pll_hdmi_inst|altera_pll_i|cyclonev_pll|counter[0].output_counter|divclk'
Slack : -3.972
TNS   : -173.394

Type  : Slow 1100mV 100C Model Setup 'FPGA_CLK1_50'
Slack : 4.369
TNS   : 0.000

Type  : Slow 1100mV 100C Model Setup 'FPGA_CLK3_50'
Slack : 4.637
TNS   : 0.000

Type  : Slow 1100mV 100C Model Setup 'sysmem|fpga_interfaces|clocks_resets|h2f_user0_clk'
Slack : 4.668
TNS   : 0.000

Type  : Slow 1100mV 100C Model Setup 'spi_sck'
Slack : 6.220
TNS   : 0.000

Type  : Slow 1100mV 100C Model Setup 'FPGA_CLK2_50'
Slack : 13.484
TNS   : 0.000

Type  : Slow 1100mV 100C Model Setup 'emu|pll|pll_inst|altera_pll_i|cyclonev_pll|counter[1].output_counter|divclk'
Slack : 15.491
TNS   : 0.000

Type  : Slow 1100mV 100C Model Setup 'emu|pll|pll_inst|altera_pll_i|cyclonev_pll|counter[0].output_counter|divclk'
Slack : 17.114
TNS   : 0.000

Type  : Slow 1100mV 100C Model Hold 'pll_hdmi|pll_hdmi_inst|altera_pll_i|cyclonev_pll|counter[0].output_counter|divclk'
Slack : 0.181
TNS   : 0.000

Type  : Slow 1100mV 100C Model Hold 'emu|pll|pll_inst|altera_pll_i|cyclonev_pll|counter[1].output_counter|divclk'
Slack : 0.253
TNS   : 0.000

Type  : Slow 1100mV 100C Model Hold 'FPGA_CLK3_50'
Slack : 0.274
TNS   : 0.000

Type  : Slow 1100mV 100C Model Hold 'sysmem|fpga_interfaces|clocks_resets|h2f_user0_clk'
Slack : 0.320
TNS   : 0.000

Type  : Slow 1100mV 100C Model Hold 'FPGA_CLK1_50'
Slack : 0.349
TNS   : 0.000

Type  : Slow 1100mV 100C Model Hold 'FPGA_CLK2_50'
Slack : 0.356
TNS   : 0.000

Type  : Slow 1100mV 100C Model Hold 'spi_sck'
Slack : 0.384
TNS   : 0.000

Type  : Slow 1100mV 100C Model Hold 'HDMI_CLK'
Slack : 0.757
TNS   : 0.000

Type  : Slow 1100mV 100C Model Hold 'emu|pll|pll_inst|altera_pll_i|cyclonev_pll|counter[0].output_counter|divclk'
Slack : 2.030
TNS   : 0.000

Type  : Slow 1100mV 100C Model Recovery 'pll_hdmi|pll_hdmi_inst|altera_pll_i|cyclonev_pll|counter[0].output_counter|divclk'
Slack : 3.022
TNS   : 0.000

Type  : Slow 1100mV 100C Model Recovery 'sysmem|fpga_interfaces|clocks_resets|h2f_user0_clk'
Slack : 7.040
TNS   : 0.000

Type  : Slow 1100mV 100C Model Recovery 'FPGA_CLK1_50'
Slack : 15.106
TNS   : 0.000

Type  : Slow 1100mV 100C Model Recovery 'emu|pll|pll_inst|altera_pll_i|cyclonev_pll|counter[1].output_counter|divclk'
Slack : 37.347
TNS   : 0.000

Type  : Slow 1100mV 100C Model Removal 'pll_hdmi|pll_hdmi_inst|altera_pll_i|cyclonev_pll|counter[0].output_counter|divclk'
Slack : 0.821
TNS   : 0.000

Type  : Slow 1100mV 100C Model Removal 'FPGA_CLK1_50'
Slack : 1.126
TNS   : 0.000

Type  : Slow 1100mV 100C Model Removal 'sysmem|fpga_interfaces|clocks_resets|h2f_user0_clk'
Slack : 1.182
TNS   : 0.000

Type  : Slow 1100mV 100C Model Removal 'emu|pll|pll_inst|altera_pll_i|cyclonev_pll|counter[1].output_counter|divclk'
Slack : 1.655
TNS   : 0.000

Type  : Slow 1100mV 100C Model Minimum Pulse Width 'pll_hdmi|pll_hdmi_inst|altera_pll_i|cyclonev_pll|fpll_0|fpll|vcoph[0]'
Slack : 1.122
TNS   : 0.000

Type  : Slow 1100mV 100C Model Minimum Pulse Width 'emu|pll|pll_inst|altera_pll_i|cyclonev_pll|fpll_0|fpll|vcoph[0]'
Slack : 1.666
TNS   : 0.000

Type  : Slow 1100mV 100C Model Minimum Pulse Width 'pll_hdmi|pll_hdmi_inst|altera_pll_i|cyclonev_pll|counter[0].output_counter|divclk'
Slack : 1.927
TNS   : 0.000

Type  : Slow 1100mV 100C Model Minimum Pulse Width 'sysmem|fpga_interfaces|clocks_resets|h2f_user0_clk'
Slack : 3.593
TNS   : 0.000

Type  : Slow 1100mV 100C Model Minimum Pulse Width 'spi_sck'
Slack : 4.206
TNS   : 0.000

Type  : Slow 1100mV 100C Model Minimum Pulse Width 'FPGA_CLK3_50'
Slack : 8.803
TNS   : 0.000

Type  : Slow 1100mV 100C Model Minimum Pulse Width 'FPGA_CLK1_50'
Slack : 9.164
TNS   : 0.000

Type  : Slow 1100mV 100C Model Minimum Pulse Width 'FPGA_CLK2_50'
Slack : 9.175
TNS   : 0.000

Type  : Slow 1100mV 100C Model Minimum Pulse Width 'emu|pll|pll_inst|altera_pll_i|cyclonev_pll|counter[0].output_counter|divclk'
Slack : 9.281
TNS   : 0.000

Type  : Slow 1100mV 100C Model Minimum Pulse Width 'emu|pll|pll_inst|altera_pll_i|cyclonev_pll|counter[1].output_counter|divclk'
Slack : 18.563
TNS   : 0.000

Type  : Slow 1100mV -40C Model Setup 'HDMI_CLK'
Slack : -9.717
TNS   : -108.808

Type  : Slow 1100mV -40C Model Setup 'pll_hdmi|pll_hdmi_inst|altera_pll_i|cyclonev_pll|counter[0].output_counter|divclk'
Slack : -4.383
TNS   : -167.849

Type  : Slow 1100mV -40C Model Setup 'FPGA_CLK1_50'
Slack : 4.441
TNS   : 0.000

Type  : Slow 1100mV -40C Model Setup 'sysmem|fpga_interfaces|clocks_resets|h2f_user0_clk'
Slack : 4.653
TNS   : 0.000

Type  : Slow 1100mV -40C Model Setup 'FPGA_CLK3_50'
Slack : 5.181
TNS   : 0.000

Type  : Slow 1100mV -40C Model Setup 'spi_sck'
Slack : 6.286
TNS   : 0.000

Type  : Slow 1100mV -40C Model Setup 'FPGA_CLK2_50'
Slack : 13.226
TNS   : 0.000

Type  : Slow 1100mV -40C Model Setup 'emu|pll|pll_inst|altera_pll_i|cyclonev_pll|counter[1].output_counter|divclk'
Slack : 15.562
TNS   : 0.000

Type  : Slow 1100mV -40C Model Setup 'emu|pll|pll_inst|altera_pll_i|cyclonev_pll|counter[0].output_counter|divclk'
Slack : 17.085
TNS   : 0.000

Type  : Slow 1100mV -40C Model Hold 'pll_hdmi|pll_hdmi_inst|altera_pll_i|cyclonev_pll|counter[0].output_counter|divclk'
Slack : 0.112
TNS   : 0.000

Type  : Slow 1100mV -40C Model Hold 'emu|pll|pll_inst|altera_pll_i|cyclonev_pll|counter[1].output_counter|divclk'
Slack : 0.246
TNS   : 0.000

Type  : Slow 1100mV -40C Model Hold 'FPGA_CLK3_50'
Slack : 0.262
TNS   : 0.000

Type  : Slow 1100mV -40C Model Hold 'FPGA_CLK2_50'
Slack : 0.335
TNS   : 0.000

Type  : Slow 1100mV -40C Model Hold 'FPGA_CLK1_50'
Slack : 0.338
TNS   : 0.000

Type  : Slow 1100mV -40C Model Hold 'sysmem|fpga_interfaces|clocks_resets|h2f_user0_clk'
Slack : 0.338
TNS   : 0.000

Type  : Slow 1100mV -40C Model Hold 'spi_sck'
Slack : 0.366
TNS   : 0.000

Type  : Slow 1100mV -40C Model Hold 'HDMI_CLK'
Slack : 0.718
TNS   : 0.000

Type  : Slow 1100mV -40C Model Hold 'emu|pll|pll_inst|altera_pll_i|cyclonev_pll|counter[0].output_counter|divclk'
Slack : 2.017
TNS   : 0.000

Type  : Slow 1100mV -40C Model Recovery 'pll_hdmi|pll_hdmi_inst|altera_pll_i|cyclonev_pll|counter[0].output_counter|divclk'
Slack : 3.212
TNS   : 0.000

Type  : Slow 1100mV -40C Model Recovery 'sysmem|fpga_interfaces|clocks_resets|h2f_user0_clk'
Slack : 7.246
TNS   : 0.000

Type  : Slow 1100mV -40C Model Recovery 'FPGA_CLK1_50'
Slack : 15.328
TNS   : 0.000

Type  : Slow 1100mV -40C Model Recovery 'emu|pll|pll_inst|altera_pll_i|cyclonev_pll|counter[1].output_counter|divclk'
Slack : 37.462
TNS   : 0.000

Type  : Slow 1100mV -40C Model Removal 'pll_hdmi|pll_hdmi_inst|altera_pll_i|cyclonev_pll|counter[0].output_counter|divclk'
Slack : 0.779
TNS   : 0.000

Type  : Slow 1100mV -40C Model Removal 'FPGA_CLK1_50'
Slack : 1.034
TNS   : 0.000

Type  : Slow 1100mV -40C Model Removal 'sysmem|fpga_interfaces|clocks_resets|h2f_user0_clk'
Slack : 1.081
TNS   : 0.000

Type  : Slow 1100mV -40C Model Removal 'emu|pll|pll_inst|altera_pll_i|cyclonev_pll|counter[1].output_counter|divclk'
Slack : 1.608
TNS   : 0.000

Type  : Slow 1100mV -40C Model Minimum Pulse Width 'pll_hdmi|pll_hdmi_inst|altera_pll_i|cyclonev_pll|fpll_0|fpll|vcoph[0]'
Slack : 1.122
TNS   : 0.000

Type  : Slow 1100mV -40C Model Minimum Pulse Width 'emu|pll|pll_inst|altera_pll_i|cyclonev_pll|fpll_0|fpll|vcoph[0]'
Slack : 1.666
TNS   : 0.000

Type  : Slow 1100mV -40C Model Minimum Pulse Width 'pll_hdmi|pll_hdmi_inst|altera_pll_i|cyclonev_pll|counter[0].output_counter|divclk'
Slack : 1.902
TNS   : 0.000

Type  : Slow 1100mV -40C Model Minimum Pulse Width 'sysmem|fpga_interfaces|clocks_resets|h2f_user0_clk'
Slack : 3.564
TNS   : 0.000

Type  : Slow 1100mV -40C Model Minimum Pulse Width 'spi_sck'
Slack : 4.221
TNS   : 0.000

Type  : Slow 1100mV -40C Model Minimum Pulse Width 'FPGA_CLK3_50'
Slack : 8.756
TNS   : 0.000

Type  : Slow 1100mV -40C Model Minimum Pulse Width 'emu|pll|pll_inst|altera_pll_i|cyclonev_pll|counter[0].output_counter|divclk'
Slack : 9.205
TNS   : 0.000

Type  : Slow 1100mV -40C Model Minimum Pulse Width 'FPGA_CLK1_50'
Slack : 9.282
TNS   : 0.000

Type  : Slow 1100mV -40C Model Minimum Pulse Width 'FPGA_CLK2_50'
Slack : 9.289
TNS   : 0.000

Type  : Slow 1100mV -40C Model Minimum Pulse Width 'emu|pll|pll_inst|altera_pll_i|cyclonev_pll|counter[1].output_counter|divclk'
Slack : 18.537
TNS   : 0.000

Type  : Fast 1100mV 100C Model Setup 'HDMI_CLK'
Slack : -7.545
TNS   : -85.021

Type  : Fast 1100mV 100C Model Setup 'pll_hdmi|pll_hdmi_inst|altera_pll_i|cyclonev_pll|counter[0].output_counter|divclk'
Slack : 1.241
TNS   : 0.000

Type  : Fast 1100mV 100C Model Setup 'FPGA_CLK3_50'
Slack : 5.910
TNS   : 0.000

Type  : Fast 1100mV 100C Model Setup 'sysmem|fpga_interfaces|clocks_resets|h2f_user0_clk'
Slack : 7.022
TNS   : 0.000

Type  : Fast 1100mV 100C Model Setup 'spi_sck'
Slack : 8.086
TNS   : 0.000

Type  : Fast 1100mV 100C Model Setup 'FPGA_CLK1_50'
Slack : 10.638
TNS   : 0.000

Type  : Fast 1100mV 100C Model Setup 'FPGA_CLK2_50'
Slack : 16.789
TNS   : 0.000

Type  : Fast 1100mV 100C Model Setup 'emu|pll|pll_inst|altera_pll_i|cyclonev_pll|counter[1].output_counter|divclk'
Slack : 17.186
TNS   : 0.000

Type  : Fast 1100mV 100C Model Setup 'emu|pll|pll_inst|altera_pll_i|cyclonev_pll|counter[0].output_counter|divclk'
Slack : 18.526
TNS   : 0.000

Type  : Fast 1100mV 100C Model Hold 'emu|pll|pll_inst|altera_pll_i|cyclonev_pll|counter[1].output_counter|divclk'
Slack : 0.090
TNS   : 0.000

Type  : Fast 1100mV 100C Model Hold 'FPGA_CLK3_50'
Slack : 0.155
TNS   : 0.000

Type  : Fast 1100mV 100C Model Hold 'sysmem|fpga_interfaces|clocks_resets|h2f_user0_clk'
Slack : 0.159
TNS   : 0.000

Type  : Fast 1100mV 100C Model Hold 'FPGA_CLK1_50'
Slack : 0.178
TNS   : 0.000

Type  : Fast 1100mV 100C Model Hold 'FPGA_CLK2_50'
Slack : 0.181
TNS   : 0.000

Type  : Fast 1100mV 100C Model Hold 'spi_sck'
Slack : 0.200
TNS   : 0.000

Type  : Fast 1100mV 100C Model Hold 'pll_hdmi|pll_hdmi_inst|altera_pll_i|cyclonev_pll|counter[0].output_counter|divclk'
Slack : 0.202
TNS   : 0.000

Type  : Fast 1100mV 100C Model Hold 'emu|pll|pll_inst|altera_pll_i|cyclonev_pll|counter[0].output_counter|divclk'
Slack : 1.079
TNS   : 0.000

Type  : Fast 1100mV 100C Model Hold 'HDMI_CLK'
Slack : 2.028
TNS   : 0.000

Type  : Fast 1100mV 100C Model Recovery 'pll_hdmi|pll_hdmi_inst|altera_pll_i|cyclonev_pll|counter[0].output_counter|divclk'
Slack : 4.472
TNS   : 0.000

Type  : Fast 1100mV 100C Model Recovery 'sysmem|fpga_interfaces|clocks_resets|h2f_user0_clk'
Slack : 8.188
TNS   : 0.000

Type  : Fast 1100mV 100C Model Recovery 'FPGA_CLK1_50'
Slack : 17.077
TNS   : 0.000

Type  : Fast 1100mV 100C Model Recovery 'emu|pll|pll_inst|altera_pll_i|cyclonev_pll|counter[1].output_counter|divclk'
Slack : 38.398
TNS   : 0.000

Type  : Fast 1100mV 100C Model Removal 'FPGA_CLK1_50'
Slack : 0.561
TNS   : 0.000

Type  : Fast 1100mV 100C Model Removal 'sysmem|fpga_interfaces|clocks_resets|h2f_user0_clk'
Slack : 0.624
TNS   : 0.000

Type  : Fast 1100mV 100C Model Removal 'pll_hdmi|pll_hdmi_inst|altera_pll_i|cyclonev_pll|counter[0].output_counter|divclk'
Slack : 0.643
TNS   : 0.000

Type  : Fast 1100mV 100C Model Removal 'emu|pll|pll_inst|altera_pll_i|cyclonev_pll|counter[1].output_counter|divclk'
Slack : 0.847
TNS   : 0.000

Type  : Fast 1100mV 100C Model Minimum Pulse Width 'pll_hdmi|pll_hdmi_inst|altera_pll_i|cyclonev_pll|fpll_0|fpll|vcoph[0]'
Slack : 1.122
TNS   : 0.000

Type  : Fast 1100mV 100C Model Minimum Pulse Width 'emu|pll|pll_inst|altera_pll_i|cyclonev_pll|fpll_0|fpll|vcoph[0]'
Slack : 1.666
TNS   : 0.000

Type  : Fast 1100mV 100C Model Minimum Pulse Width 'pll_hdmi|pll_hdmi_inst|altera_pll_i|cyclonev_pll|counter[0].output_counter|divclk'
Slack : 2.239
TNS   : 0.000

Type  : Fast 1100mV 100C Model Minimum Pulse Width 'sysmem|fpga_interfaces|clocks_resets|h2f_user0_clk'
Slack : 3.899
TNS   : 0.000

Type  : Fast 1100mV 100C Model Minimum Pulse Width 'spi_sck'
Slack : 4.580
TNS   : 0.000

Type  : Fast 1100mV 100C Model Minimum Pulse Width 'FPGA_CLK3_50'
Slack : 8.521
TNS   : 0.000

Type  : Fast 1100mV 100C Model Minimum Pulse Width 'FPGA_CLK1_50'
Slack : 9.104
TNS   : 0.000

Type  : Fast 1100mV 100C Model Minimum Pulse Width 'FPGA_CLK2_50'
Slack : 9.108
TNS   : 0.000

Type  : Fast 1100mV 100C Model Minimum Pulse Width 'emu|pll|pll_inst|altera_pll_i|cyclonev_pll|counter[0].output_counter|divclk'
Slack : 9.553
TNS   : 0.000

Type  : Fast 1100mV 100C Model Minimum Pulse Width 'emu|pll|pll_inst|altera_pll_i|cyclonev_pll|counter[1].output_counter|divclk'
Slack : 18.880
TNS   : 0.000

Type  : Fast 1100mV -40C Model Setup 'HDMI_CLK'
Slack : -7.099
TNS   : -82.092

Type  : Fast 1100mV -40C Model Setup 'pll_hdmi|pll_hdmi_inst|altera_pll_i|cyclonev_pll|counter[0].output_counter|divclk'
Slack : 1.519
TNS   : 0.000

Type  : Fast 1100mV -40C Model Setup 'FPGA_CLK3_50'
Slack : 6.886
TNS   : 0.000

Type  : Fast 1100mV -40C Model Setup 'sysmem|fpga_interfaces|clocks_resets|h2f_user0_clk'
Slack : 7.382
TNS   : 0.000

Type  : Fast 1100mV -40C Model Setup 'spi_sck'
Slack : 8.366
TNS   : 0.000

Type  : Fast 1100mV -40C Model Setup 'FPGA_CLK1_50'
Slack : 11.781
TNS   : 0.000

Type  : Fast 1100mV -40C Model Setup 'FPGA_CLK2_50'
Slack : 17.100
TNS   : 0.000

Type  : Fast 1100mV -40C Model Setup 'emu|pll|pll_inst|altera_pll_i|cyclonev_pll|counter[1].output_counter|divclk'
Slack : 17.619
TNS   : 0.000

Type  : Fast 1100mV -40C Model Setup 'emu|pll|pll_inst|altera_pll_i|cyclonev_pll|counter[0].output_counter|divclk'
Slack : 18.699
TNS   : 0.000

Type  : Fast 1100mV -40C Model Hold 'emu|pll|pll_inst|altera_pll_i|cyclonev_pll|counter[1].output_counter|divclk'
Slack : 0.072
TNS   : 0.000

Type  : Fast 1100mV -40C Model Hold 'pll_hdmi|pll_hdmi_inst|altera_pll_i|cyclonev_pll|counter[0].output_counter|divclk'
Slack : 0.108
TNS   : 0.000

Type  : Fast 1100mV -40C Model Hold 'FPGA_CLK3_50'
Slack : 0.133
TNS   : 0.000

Type  : Fast 1100mV -40C Model Hold 'sysmem|fpga_interfaces|clocks_resets|h2f_user0_clk'
Slack : 0.140
TNS   : 0.000

Type  : Fast 1100mV -40C Model Hold 'FPGA_CLK2_50'
Slack : 0.160
TNS   : 0.000

Type  : Fast 1100mV -40C Model Hold 'FPGA_CLK1_50'
Slack : 0.165
TNS   : 0.000

Type  : Fast 1100mV -40C Model Hold 'spi_sck'
Slack : 0.176
TNS   : 0.000

Type  : Fast 1100mV -40C Model Hold 'emu|pll|pll_inst|altera_pll_i|cyclonev_pll|counter[0].output_counter|divclk'
Slack : 0.933
TNS   : 0.000

Type  : Fast 1100mV -40C Model Hold 'HDMI_CLK'
Slack : 2.028
TNS   : 0.000

Type  : Fast 1100mV -40C Model Recovery 'pll_hdmi|pll_hdmi_inst|altera_pll_i|cyclonev_pll|counter[0].output_counter|divclk'
Slack : 4.835
TNS   : 0.000

Type  : Fast 1100mV -40C Model Recovery 'sysmem|fpga_interfaces|clocks_resets|h2f_user0_clk'
Slack : 8.551
TNS   : 0.000

Type  : Fast 1100mV -40C Model Recovery 'FPGA_CLK1_50'
Slack : 17.556
TNS   : 0.000

Type  : Fast 1100mV -40C Model Recovery 'emu|pll|pll_inst|altera_pll_i|cyclonev_pll|counter[1].output_counter|divclk'
Slack : 38.641
TNS   : 0.000

Type  : Fast 1100mV -40C Model Removal 'FPGA_CLK1_50'
Slack : 0.485
TNS   : 0.000

Type  : Fast 1100mV -40C Model Removal 'sysmem|fpga_interfaces|clocks_resets|h2f_user0_clk'
Slack : 0.501
TNS   : 0.000

Type  : Fast 1100mV -40C Model Removal 'pll_hdmi|pll_hdmi_inst|altera_pll_i|cyclonev_pll|counter[0].output_counter|divclk'
Slack : 0.508
TNS   : 0.000

Type  : Fast 1100mV -40C Model Removal 'emu|pll|pll_inst|altera_pll_i|cyclonev_pll|counter[1].output_counter|divclk'
Slack : 0.734
TNS   : 0.000

Type  : Fast 1100mV -40C Model Minimum Pulse Width 'pll_hdmi|pll_hdmi_inst|altera_pll_i|cyclonev_pll|fpll_0|fpll|vcoph[0]'
Slack : 1.122
TNS   : 0.000

Type  : Fast 1100mV -40C Model Minimum Pulse Width 'emu|pll|pll_inst|altera_pll_i|cyclonev_pll|fpll_0|fpll|vcoph[0]'
Slack : 1.666
TNS   : 0.000

Type  : Fast 1100mV -40C Model Minimum Pulse Width 'pll_hdmi|pll_hdmi_inst|altera_pll_i|cyclonev_pll|counter[0].output_counter|divclk'
Slack : 2.249
TNS   : 0.000

Type  : Fast 1100mV -40C Model Minimum Pulse Width 'sysmem|fpga_interfaces|clocks_resets|h2f_user0_clk'
Slack : 3.903
TNS   : 0.000

Type  : Fast 1100mV -40C Model Minimum Pulse Width 'spi_sck'
Slack : 4.569
TNS   : 0.000

Type  : Fast 1100mV -40C Model Minimum Pulse Width 'FPGA_CLK3_50'
Slack : 8.449
TNS   : 0.000

Type  : Fast 1100mV -40C Model Minimum Pulse Width 'FPGA_CLK1_50'
Slack : 9.045
TNS   : 0.000

Type  : Fast 1100mV -40C Model Minimum Pulse Width 'FPGA_CLK2_50'
Slack : 9.048
TNS   : 0.000

Type  : Fast 1100mV -40C Model Minimum Pulse Width 'emu|pll|pll_inst|altera_pll_i|cyclonev_pll|counter[0].output_counter|divclk'
Slack : 9.546
TNS   : 0.000

Type  : Fast 1100mV -40C Model Minimum Pulse Width 'emu|pll|pll_inst|altera_pll_i|cyclonev_pll|counter[1].output_counter|divclk'
Slack : 18.885
TNS   : 0.000

------------------------------------------------------------
